###############################################################################
#
# IAR UBROF Linker V10.15.2.1487                          27/Oct/2025  20:14:01
# Copyright 1987-2023 IAR Systems AB.
#
#    Target Cpu    =  MSP430
#    Map file      =
#        C:\Users\User\Desktop\Uni-Embedded-Systems\IAR\D05\UA31D_LEDandPBs_if2_if2\Debug\List\UA31D_LEDandPBs_if2_if2.map
#    Output file 1 =
#        C:\Users\User\Desktop\Uni-Embedded-Systems\IAR\D05\UA31D_LEDandPBs_if2_if2\Debug\Exe\UA31D_LEDandPBs_if2_if2.d43
#                  =  Format: debug
#                  =  UBROF version 11.1.1
#                  =  Using library modules for C-SPY (-rt)
#    Command line  =
#        -f
#        C:\Users\User\Desktop\Uni-Embedded-Systems\IAR\D05\UA31D_LEDandPBs_if2_if2\Debug\Exe\UA31D_LEDandPBs_if2_if2.d43.rsp
#        (C:\Users\User\Desktop\Uni-Embedded-Systems\IAR\D05\UA31D_LEDandPBs_if2_if2\Debug\Obj\UA31D_LEDandPBs_if2_if2.r43
#        --output
#        C:\Users\User\Desktop\Uni-Embedded-Systems\IAR\D05\UA31D_LEDandPBs_if2_if2\Debug\Exe\UA31D_LEDandPBs_if2_if2.d43
#        -l
#        C:\Users\User\Desktop\Uni-Embedded-Systems\IAR\D05\UA31D_LEDandPBs_if2_if2\Debug\List\UA31D_LEDandPBs_if2_if2.map
#        -xams "-IC:\Program Files\IAR Systems\Embedded Workbench
#        9.1\430\LIB\\" --f "C:\Program Files\IAR Systems\Embedded Workbench
#        9.1\430\config\linker\lnk430g2553.xcl" (-cmsp430 -QCODE_I=CODE_ID
#        -QTLS16_I=TLS16_ID "-Z(CONST)INFO=1000-10FF"
#        "-Z(CONST)INFOA=10C0-10FF" "-Z(CONST)INFOB=1080-10BF"
#        "-Z(CONST)INFOC=1040-107F" "-Z(CONST)INFOD=1000-103F"
#        "-Z(DATA)DATA16_I,DATA16_Z,DATA16_N,TLS16_I=0200-03FF"
#        "-Z(DATA)DATA16_HEAP+_DATA16_HEAP_SIZE" "-Z(DATA)CODE_I"
#        "-Z(DATA)CSTACK+_STACK_SIZE#"
#        "-Z(CONST)DATA16_C,DATA16_ID,TLS16_ID,DIFUNCT,CHECKSUM=C000-FFDD"
#        "-Z(CODE)CSTART,ISR_CODE,CODE_ID=C000-FFDD" "-P(CODE)CODE=C000-FFDD"
#        "-Z(CONST)SIGNATURE=FFDE-FFDF" "-Z(CODE)INTVEC=FFE0-FFFF"
#        "-Z(CODE)RESET=FFFE-FFFF") -D_STACK_SIZE=50 -rt -D_DATA16_HEAP_SIZE=50
#        -D_DATA20_HEAP_SIZE=50 --text_out locale)
#
###############################################################################






                ****************************************
                *                                      *
                *            PROGRAM ENTRY             *
                *                                      *
                ****************************************

                   There are no program entries.



                ****************************************
                *                                      *
                *    AUTOMATIC SYMBOL REDIRECTIONS     *
                *                                      *
                ****************************************

                   There are no automatic symbol redirections.



                ****************************************
                *                                      *
                *              ENTRY LIST              *
                *                                      *
                ****************************************

ENTRY              SPACE  ADDRESS  KIND  TYPE  MODULE
-----              -----  -------  ----  ----  ------
_DATA20_HEAP_SIZE          0x0050  Pub         ?ABS_ENTRY_MOD [0]
_DATA16_HEAP_SIZE          0x0050  Pub         ?ABS_ENTRY_MOD [0]
_STACK_SIZE                0x0050  Pub         ?ABS_ENTRY_MOD [0]
main                       0xC000  Loc         UA31D_LEDandPBs_if2_if2
P2_setup                   0xC006  Loc         UA31D_LEDandPBs_if2_if2
SET_PBs                    0xC00E  Loc         UA31D_LEDandPBs_if2_if2
Repeat_Forever             0xC01A  Loc         UA31D_LEDandPBs_if2_if2
Test_PB14_forON            0xC01A  Loc         UA31D_LEDandPBs_if2_if2
Test_PB14_ON               0xC022  Loc         UA31D_LEDandPBs_if2_if2
Test_PB14_ONe              0xC026  Loc         UA31D_LEDandPBs_if2_if2
Test_PB14_4OFF             0xC026  Loc         UA31D_LEDandPBs_if2_if2
Test_PB14_OFF              0xC02E  Loc         UA31D_LEDandPBs_if2_if2
Test_PB14_OFFe             0xC034  Loc         UA31D_LEDandPBs_if2_if2
Test_PB15_forON            0xC034  Loc         UA31D_LEDandPBs_if2_if2
Test_PB15_ON               0xC03C  Loc         UA31D_LEDandPBs_if2_if2
Test_PB15_ONe              0xC042  Loc         UA31D_LEDandPBs_if2_if2
Test_PB15_4OFF             0xC042  Loc         UA31D_LEDandPBs_if2_if2
Test_PB15_OFF              0xC04A  Loc         UA31D_LEDandPBs_if2_if2
Test_PB15_OFFe             0xC050  Loc         UA31D_LEDandPBs_if2_if2

[0] = Command line (linker generated)


                ****************************************
                *                                      *
                *              MODULE MAP              *
                *                                      *
                ****************************************

Linker generated:
  Module: ?FILLER_BYTES
**********
Linker generated:
  Module: ?ABS_ENTRY_MOD

      Absolute module symbols:
        _DATA20_HEAP_SIZE  0x0050  Pub
        _DATA16_HEAP_SIZE  0x0050  Pub
        _STACK_SIZE        0x0050  Pub
**********
File: C:\Users\User\Desktop\Uni-Embedded-Systems\IAR\D05\UA31D_LEDandPBs_if2_if2\Debug\Obj\UA31D_LEDandPBs_if2_if2.r43
  Module: UA31D_LEDandPBs_if2_if2

      Absolute module symbols:
        main             0xC000  Loc
        P2_setup         0xC006  Loc
        SET_PBs          0xC00E  Loc
        Repeat_Forever   0xC01A  Loc
        Test_PB14_forON  0xC01A  Loc
        Test_PB14_ONe    0xC026  Loc
        Test_PB14_ON     0xC022  Loc
        Test_PB14_4OFF   0xC026  Loc
        Test_PB14_OFFe   0xC034  Loc
        Test_PB14_OFF    0xC02E  Loc
        Test_PB15_forON  0xC034  Loc
        Test_PB15_ONe    0xC042  Loc
        Test_PB15_ON     0xC03C  Loc
        Test_PB15_4OFF   0xC042  Loc
        Test_PB15_OFF    0xC04A  Loc
        Test_PB15_OFFe   0xC050  Loc
      Absolute code:
      Address         Size
      -------         ----
      0xC000                0x52
      0xFFFE                 0x2


                ****************************************
                *                                      *
                *      SEGMENTS IN ADDRESS ORDER       *
                *                                      *
                ****************************************

SEGMENT  SPACE    START/END ADDRESS      SIZE  TYPE  ALIGN
-------  -----  ---------------------    ----  ----  -----
                               0xC000  0xC051  0x52   aseg
                               0xFFFE  0xFFFF   0x2   aseg

 0 bytes of CODE memory (+ 84 absolute )

Errors: none
Warnings: none
