###############################################################################
#
# IAR UBROF Linker V10.15.2.1487                          26/Oct/2025  19:59:18
# Copyright 1987-2023 IAR Systems AB.
#
#    Target Cpu    =  MSP430
#    Map file      =
#        C:\Users\User\Desktop\Embedded_Systems\IAR\D05\UA31D_LEDandPBs_if2_if2\Debug\List\UA31D_LEDandPBs_if2_if2.map
#    Output file 1 =
#        C:\Users\User\Desktop\Embedded_Systems\IAR\D05\UA31D_LEDandPBs_if2_if2\Debug\Exe\UA31D_LEDandPBs_if2_if2.d43
#                  =  Format: debug
#                  =  UBROF version 11.1.1
#                  =  Using library modules for C-SPY (-rt)
#    Command line  =
#        -f
#        C:\Users\User\Desktop\Embedded_Systems\IAR\D05\UA31D_LEDandPBs_if2_if2\Debug\Exe\UA31D_LEDandPBs_if2_if2.d43.rsp
#        (C:\Users\User\Desktop\Embedded_Systems\IAR\D05\UA31D_LEDandPBs_if2_if2\Debug\Obj\UA31D_LEDandPBs_if2_if2.r43
#        --output
#        C:\Users\User\Desktop\Embedded_Systems\IAR\D05\UA31D_LEDandPBs_if2_if2\Debug\Exe\UA31D_LEDandPBs_if2_if2.d43
#        -l
#        C:\Users\User\Desktop\Embedded_Systems\IAR\D05\UA31D_LEDandPBs_if2_if2\Debug\List\UA31D_LEDandPBs_if2_if2.map
#        -xams "-IC:\Program Files\IAR Systems\Embedded Workbench
#        9.1\430\LIB\\" --f "C:\Program Files\IAR Systems\Embedded Workbench
#        9.1\430\config\linker\lnk430g2553.xcl" (-cmsp430 -QCODE_I=CODE_ID
#        -QTLS16_I=TLS16_ID "-Z(CONST)INFO=1000-10FF"
#        "-Z(CONST)INFOA=10C0-10FF" "-Z(CONST)INFOB=1080-10BF"
#        "-Z(CONST)INFOC=1040-107F" "-Z(CONST)INFOD=1000-103F"
#        "-Z(DATA)DATA16_I,DATA16_Z,DATA16_N,TLS16_I=0200-03FF"
#        "-Z(DATA)DATA16_HEAP+_DATA16_HEAP_SIZE" "-Z(DATA)CODE_I"
#        "-Z(DATA)CSTACK+_STACK_SIZE#"
#        "-Z(CONST)DATA16_C,DATA16_ID,TLS16_ID,DIFUNCT,CHECKSUM=C000-FFDD"
#        "-Z(CODE)CSTART,ISR_CODE,CODE_ID=C000-FFDD" "-P(CODE)CODE=C000-FFDD"
#        "-Z(CONST)SIGNATURE=FFDE-FFDF" "-Z(CODE)INTVEC=FFE0-FFFF"
#        "-Z(CODE)RESET=FFFE-FFFF") -D_STACK_SIZE=50 -rt -D_DATA16_HEAP_SIZE=50
#        -D_DATA20_HEAP_SIZE=50 --text_out locale)
#
###############################################################################






                ****************************************
                *                                      *
                *            PROGRAM ENTRY             *
                *                                      *
                ****************************************

                   There are no program entries.



                ****************************************
                *                                      *
                *    AUTOMATIC SYMBOL REDIRECTIONS     *
                *                                      *
                ****************************************

                   There are no automatic symbol redirections.



                ****************************************
                *                                      *
                *              ENTRY LIST              *
                *                                      *
                ****************************************

ENTRY              SPACE  ADDRESS  KIND  TYPE  MODULE
-----              -----  -------  ----  ----  ------
__MSP430G2203__            0x0000  Loc         main [0]
_DATA20_HEAP_SIZE          0x0050  Pub         ?ABS_ENTRY_MOD [1]
_DATA16_HEAP_SIZE          0x0050  Pub         ?ABS_ENTRY_MOD [1]
_STACK_SIZE                0x0050  Pub         ?ABS_ENTRY_MOD [1]
init                       0xC000  Loc         main [0]
main                       0xC004  Pub         main [0]

[0] = C:\Users\User\Desktop\Embedded_Systems\IAR\D05\UA31D_LEDandPBs_if2_if2\Debug\Obj\UA31D_LEDandPBs_if2_if2.r43
[1] = Command line (linker generated)


                ****************************************
                *                                      *
                *              MODULE MAP              *
                *                                      *
                ****************************************

Linker generated:
  Module: ?FILLER_BYTES
******************************************************
Linker generated:
  Module: ?ABS_ENTRY_MOD

      Absolute module symbols:
        _DATA20_HEAP_SIZE  0x0050  Pub
        _DATA16_HEAP_SIZE  0x0050  Pub
        _STACK_SIZE        0x0050  Pub
******************************************************
File: C:\Users\User\Desktop\Embedded_Systems\IAR\D05\UA31D_LEDandPBs_if2_if2\Debug\Obj\UA31D_LEDandPBs_if2_if2.r43
  Module: main
       Segment part 0, CSTACK [root]
       Address:  0x03B0 Size: 0x0 Align: 2(1)
    --------------------------------------------------
       Segment part 1, <CODE> 1 [root]
                      (was CODE)
       Address:  0xC000 Size: 0xE Align: 2(1)
       Ref by:   Absolute parts
      main                 0xC004  Pub
      init                 0xC000  Loc

      Absolute module symbols:
        __MSP430G2203__  0x0000  Loc
      Absolute code:
      Address         Size
      -------         ----
      0xFFFE                 0x2


                ****************************************
                *                                      *
                *      SEGMENTS IN ADDRESS ORDER       *
                *                                      *
                ****************************************

SEGMENT   SPACE    START/END ADDRESS      SIZE  TYPE  ALIGN
-------   -----  ---------------------    ----  ----  -----
CSTACK              0x03B0 - 0x03FF       0x50   rel   2(1)
<CODE> 1            0xC000 - 0xC00D        0xE   rel   2(1)
                                0xFFFE  0xFFFF   0x2   aseg

 14 bytes of CODE memory (+ 2 absolute )
 80 bytes of DATA memory

Errors: none
Warnings: none
